Loading cog randomcat
Loading cog randomfox
Loading cog reloadcfg
Loading cog reactor
Loading cog neofetch
Loading cog bully
Loading cog funnies
Loading cog talk
Loading cog misc_msgs
Loading cog dictionary
Loading cog getou
Loading cog fleshprison
Loading cog status
Loading cog aetherify
Loading cog geolayout
Loading cog srschannels
Loading cog kdedragon
Loading cog admin
Loading cog furrify
Loading cog optical_media
Loading cog conways_life
"uwu this collar fits so nicely on me" - V2 apparently idfk
Logged in as V3 (1521531540373241997)
